<html>
<body>
<pre>
<h1>µVision Build Log</h1>
<h2>Tool Versions:</h2>
IDE-Version: ¦ÌVision V5.24.2.0
Copyright (C) 2017 ARM Ltd and ARM Germany GmbH. All rights reserved.
License Information: junjie Microsoft, Microsoft, LIC=SDAQD-8Z7WS-2L1CT-RXU5L-RN70X-TMAUE
 
Tool Versions:
Toolchain:       MDK-ARM Plus  Version: 5.24.1
Toolchain Path:  D:\Keil_v5\ARM\ARMCC\Bin
C Compiler:      Armcc.exe V5.06 update 5 (build 528)
Assembler:       Armasm.exe V5.06 update 5 (build 528)
Linker/Locator:  ArmLink.exe V5.06 update 5 (build 528)
Library Manager: ArmAr.exe V5.06 update 5 (build 528)
Hex Converter:   FromElf.exe V5.06 update 5 (build 528)
CPU DLL:         SARMCM3.DLL V5.24.1
Dialog DLL:      DCM.DLL V1.16.0.0
Target DLL:      UL2CM3.DLL V1.160.3.0
Dialog DLL:      TCM.DLL V1.32.0.0
 
<h2>Project:</h2>
E:\github\stm32\stm32old\USER\USART.uvproj
Project File Date:  04/26/2018

<h2>Output:</h2>
*** Using Compiler 'V5.06 update 5 (build 528)', folder: 'D:\Keil_v5\ARM\ARMCC\Bin'
Build target 'Target 1'
compiling usart.c...
..\SYSTEM\usart\usart.c(135): warning:  #223-D: function "delay_ms" declared implicitly
  		delay_ms(500); 
..\SYSTEM\usart\usart.c(155): warning:  #223-D: function "memset" declared implicitly
  	memset(&d,0,sizeof(d));
..\SYSTEM\usart\usart.c(183): warning:  #223-D: function "memset" declared implicitly
  	memset(outbuff,0,sizeof(outbuff));
..\SYSTEM\usart\usart.c(196): warning:  #223-D: function "memcpy" declared implicitly
  	memcpy(d->addr,&inbuff[0],6);
..\SYSTEM\usart\usart.c(220): warning:  #223-D: function "memcpy" declared implicitly
  	memcpy(outbuff,inbuff,inbufflen);
..\SYSTEM\usart\usart.c(226): warning:  #223-D: function "memcpy" declared implicitly
  	memcpy(&outbuff[0],d.addr,6);
..\SYSTEM\usart\usart.c: 6 warnings, 0 errors
linking...
Program Size: Code=6196 RO-data=424 RW-data=72 ZI-data=3272  
FromELF: creating hex file...
"..\OBJ\USART.axf" - 0 Error(s), 6 Warning(s).
Build Time Elapsed:  00:00:01
</pre>
</body>
</html>
